// Jest Snapshot v1, https://goo.gl/fbAQLP

exports[`PokeballButton when isCaptured=true should have a consistent snapshot 1`] = `
<div>
  <div
    class="PokemonStatsInfo__PokemonStatsWrapper-sc-16epyc7-0 dOyVIv"
  >
    <div>
      <div
        class="PokemonStatsInfo__StatsWrapper-sc-16epyc7-1 ePiRYv"
      >
        <span
          class="PokemonStatsInfo__StatProperty-sc-16epyc7-2 jpsEst"
        >
          Hp
        </span>
        <div
          class="StatCircle__Wrapper-sc-1jkiqr4-0 dLMOGu PokemonStatsInfo__StatValue-sc-16epyc7-3 bUZoGr"
        >
          <div
            aria-valuenow="0"
            class="MuiCircularProgress-root MuiCircularProgress-colorPrimary MuiCircularProgress-determinate"
            role="progressbar"
            style="width: 50px; height: 50px; transform: rotate(-90deg); color: rgb(204, 68, 52);"
          >
            <svg
              class="MuiCircularProgress-svg"
              viewBox="22 22 44 44"
            >
              <circle
                class="MuiCircularProgress-circle MuiCircularProgress-circleDeterminate"
                cx="44"
                cy="44"
                fill="none"
                r="20.2"
                stroke-width="3.6"
                style="stroke-dasharray: 126.920; stroke-dashoffset: 126.920px;"
              />
            </svg>
          </div>
          <div
            class="StatCircle__StatValueNumberWrapper-sc-1jkiqr4-1 fmUBLe"
          >
            <div
              class="StatCircle__StatValueNumber-sc-1jkiqr4-2"
            >
              0
            </div>
          </div>
        </div>
        <span
          class="PokemonStatsInfo__EffortProperty-sc-16epyc7-4 iYkOYG"
        >
          Effort
        </span>
        <div
          class="PokemonStatsInfo__EffortValue-sc-16epyc7-5 gfPJIT"
        >
          0
        </div>
      </div>
    </div>
    <div>
      <div
        class="PokemonStatsInfo__StatsWrapper-sc-16epyc7-1 ePiRYv"
      >
        <span
          class="PokemonStatsInfo__StatProperty-sc-16epyc7-2 jpsEst"
        >
          Attack
        </span>
        <div
          class="StatCircle__Wrapper-sc-1jkiqr4-0 dLMOGu PokemonStatsInfo__StatValue-sc-16epyc7-3 bUZoGr"
        >
          <div
            aria-valuenow="0"
            class="MuiCircularProgress-root MuiCircularProgress-colorPrimary MuiCircularProgress-determinate"
            role="progressbar"
            style="width: 50px; height: 50px; transform: rotate(-90deg); color: rgb(240, 128, 48);"
          >
            <svg
              class="MuiCircularProgress-svg"
              viewBox="22 22 44 44"
            >
              <circle
                class="MuiCircularProgress-circle MuiCircularProgress-circleDeterminate"
                cx="44"
                cy="44"
                fill="none"
                r="20.2"
                stroke-width="3.6"
                style="stroke-dasharray: 126.920; stroke-dashoffset: 126.920px;"
              />
            </svg>
          </div>
          <div
            class="StatCircle__StatValueNumberWrapper-sc-1jkiqr4-1 fmUBLe"
          >
            <div
              class="StatCircle__StatValueNumber-sc-1jkiqr4-2"
            >
              0
            </div>
          </div>
        </div>
        <span
          class="PokemonStatsInfo__EffortProperty-sc-16epyc7-4 iYkOYG"
        >
          Effort
        </span>
        <div
          class="PokemonStatsInfo__EffortValue-sc-16epyc7-5 gfPJIT"
        >
          0
        </div>
      </div>
    </div>
    <div>
      <div
        class="PokemonStatsInfo__StatsWrapper-sc-16epyc7-1 ePiRYv"
      >
        <span
          class="PokemonStatsInfo__StatProperty-sc-16epyc7-2 jpsEst"
        >
          Defense
        </span>
        <div
          class="StatCircle__Wrapper-sc-1jkiqr4-0 dLMOGu PokemonStatsInfo__StatValue-sc-16epyc7-3 bUZoGr"
        >
          <div
            aria-valuenow="0"
            class="MuiCircularProgress-root MuiCircularProgress-colorPrimary MuiCircularProgress-determinate"
            role="progressbar"
            style="width: 50px; height: 50px; transform: rotate(-90deg); color: rgb(248, 208, 48);"
          >
            <svg
              class="MuiCircularProgress-svg"
              viewBox="22 22 44 44"
            >
              <circle
                class="MuiCircularProgress-circle MuiCircularProgress-circleDeterminate"
                cx="44"
                cy="44"
                fill="none"
                r="20.2"
                stroke-width="3.6"
                style="stroke-dasharray: 126.920; stroke-dashoffset: 126.920px;"
              />
            </svg>
          </div>
          <div
            class="StatCircle__StatValueNumberWrapper-sc-1jkiqr4-1 fmUBLe"
          >
            <div
              class="StatCircle__StatValueNumber-sc-1jkiqr4-2"
            >
              0
            </div>
          </div>
        </div>
        <span
          class="PokemonStatsInfo__EffortProperty-sc-16epyc7-4 iYkOYG"
        >
          Effort
        </span>
        <div
          class="PokemonStatsInfo__EffortValue-sc-16epyc7-5 gfPJIT"
        >
          1
        </div>
      </div>
    </div>
    <div>
      <div
        class="PokemonStatsInfo__StatsWrapper-sc-16epyc7-1 ePiRYv"
      >
        <span
          class="PokemonStatsInfo__StatProperty-sc-16epyc7-2 jpsEst"
        >
          Special-attack
        </span>
        <div
          class="StatCircle__Wrapper-sc-1jkiqr4-0 dLMOGu PokemonStatsInfo__StatValue-sc-16epyc7-3 bUZoGr"
        >
          <div
            aria-valuenow="0"
            class="MuiCircularProgress-root MuiCircularProgress-colorPrimary MuiCircularProgress-determinate"
            role="progressbar"
            style="width: 50px; height: 50px; transform: rotate(-90deg); color: rgb(104, 144, 240);"
          >
            <svg
              class="MuiCircularProgress-svg"
              viewBox="22 22 44 44"
            >
              <circle
                class="MuiCircularProgress-circle MuiCircularProgress-circleDeterminate"
                cx="44"
                cy="44"
                fill="none"
                r="20.2"
                stroke-width="3.6"
                style="stroke-dasharray: 126.920; stroke-dashoffset: 126.920px;"
              />
            </svg>
          </div>
          <div
            class="StatCircle__StatValueNumberWrapper-sc-1jkiqr4-1 fmUBLe"
          >
            <div
              class="StatCircle__StatValueNumber-sc-1jkiqr4-2"
            >
              0
            </div>
          </div>
        </div>
        <span
          class="PokemonStatsInfo__EffortProperty-sc-16epyc7-4 iYkOYG"
        >
          Effort
        </span>
        <div
          class="PokemonStatsInfo__EffortValue-sc-16epyc7-5 gfPJIT"
        >
          0
        </div>
      </div>
    </div>
    <div>
      <div
        class="PokemonStatsInfo__StatsWrapper-sc-16epyc7-1 ePiRYv"
      >
        <span
          class="PokemonStatsInfo__StatProperty-sc-16epyc7-2 jpsEst"
        >
          Special-defense
        </span>
        <div
          class="StatCircle__Wrapper-sc-1jkiqr4-0 dLMOGu PokemonStatsInfo__StatValue-sc-16epyc7-3 bUZoGr"
        >
          <div
            aria-valuenow="0"
            class="MuiCircularProgress-root MuiCircularProgress-colorPrimary MuiCircularProgress-determinate"
            role="progressbar"
            style="width: 50px; height: 50px; transform: rotate(-90deg); color: rgb(84, 166, 102);"
          >
            <svg
              class="MuiCircularProgress-svg"
              viewBox="22 22 44 44"
            >
              <circle
                class="MuiCircularProgress-circle MuiCircularProgress-circleDeterminate"
                cx="44"
                cy="44"
                fill="none"
                r="20.2"
                stroke-width="3.6"
                style="stroke-dasharray: 126.920; stroke-dashoffset: 126.920px;"
              />
            </svg>
          </div>
          <div
            class="StatCircle__StatValueNumberWrapper-sc-1jkiqr4-1 fmUBLe"
          >
            <div
              class="StatCircle__StatValueNumber-sc-1jkiqr4-2"
            >
              0
            </div>
          </div>
        </div>
        <span
          class="PokemonStatsInfo__EffortProperty-sc-16epyc7-4 iYkOYG"
        >
          Effort
        </span>
        <div
          class="PokemonStatsInfo__EffortValue-sc-16epyc7-5 gfPJIT"
        >
          0
        </div>
      </div>
    </div>
    <div>
      <div
        class="PokemonStatsInfo__StatsWrapper-sc-16epyc7-1 ePiRYv"
      >
        <span
          class="PokemonStatsInfo__StatProperty-sc-16epyc7-2 jpsEst"
        >
          Speed
        </span>
        <div
          class="StatCircle__Wrapper-sc-1jkiqr4-0 dLMOGu PokemonStatsInfo__StatValue-sc-16epyc7-3 bUZoGr"
        >
          <div
            aria-valuenow="0"
            class="MuiCircularProgress-root MuiCircularProgress-colorPrimary MuiCircularProgress-determinate"
            role="progressbar"
            style="width: 50px; height: 50px; transform: rotate(-90deg); color: rgb(252, 104, 152);"
          >
            <svg
              class="MuiCircularProgress-svg"
              viewBox="22 22 44 44"
            >
              <circle
                class="MuiCircularProgress-circle MuiCircularProgress-circleDeterminate"
                cx="44"
                cy="44"
                fill="none"
                r="20.2"
                stroke-width="3.6"
                style="stroke-dasharray: 126.920; stroke-dashoffset: 126.920px;"
              />
            </svg>
          </div>
          <div
            class="StatCircle__StatValueNumberWrapper-sc-1jkiqr4-1 fmUBLe"
          >
            <div
              class="StatCircle__StatValueNumber-sc-1jkiqr4-2"
            >
              0
            </div>
          </div>
        </div>
        <span
          class="PokemonStatsInfo__EffortProperty-sc-16epyc7-4 iYkOYG"
        >
          Effort
        </span>
        <div
          class="PokemonStatsInfo__EffortValue-sc-16epyc7-5 gfPJIT"
        >
          0
        </div>
      </div>
    </div>
  </div>
</div>
`;

exports[`PokemonStatsInfo when loaded should have a consistent snapshot 1`] = `
<div>
  <div
    class="PokemonStatsInfo__PokemonStatsWrapper-sc-16epyc7-0 dOyVIv"
  >
    <div>
      <div
        class="PokemonStatsInfo__StatsWrapper-sc-16epyc7-1 ePiRYv"
      >
        <span
          class="PokemonStatsInfo__StatProperty-sc-16epyc7-2 jpsEst"
        >
          Hp
        </span>
        <div
          class="StatCircle__Wrapper-sc-1jkiqr4-0 dLMOGu PokemonStatsInfo__StatValue-sc-16epyc7-3 bUZoGr"
        >
          <div
            aria-valuenow="0"
            class="MuiCircularProgress-root MuiCircularProgress-colorPrimary MuiCircularProgress-determinate"
            role="progressbar"
            style="width: 50px; height: 50px; transform: rotate(-90deg); color: rgb(204, 68, 52);"
          >
            <svg
              class="MuiCircularProgress-svg"
              viewBox="22 22 44 44"
            >
              <circle
                class="MuiCircularProgress-circle MuiCircularProgress-circleDeterminate"
                cx="44"
                cy="44"
                fill="none"
                r="20.2"
                stroke-width="3.6"
                style="stroke-dasharray: 126.920; stroke-dashoffset: 126.920px;"
              />
            </svg>
          </div>
          <div
            class="StatCircle__StatValueNumberWrapper-sc-1jkiqr4-1 fmUBLe"
          >
            <div
              class="StatCircle__StatValueNumber-sc-1jkiqr4-2"
            >
              0
            </div>
          </div>
        </div>
        <span
          class="PokemonStatsInfo__EffortProperty-sc-16epyc7-4 iYkOYG"
        >
          Effort
        </span>
        <div
          class="PokemonStatsInfo__EffortValue-sc-16epyc7-5 gfPJIT"
        >
          0
        </div>
      </div>
    </div>
    <div>
      <div
        class="PokemonStatsInfo__StatsWrapper-sc-16epyc7-1 ePiRYv"
      >
        <span
          class="PokemonStatsInfo__StatProperty-sc-16epyc7-2 jpsEst"
        >
          Attack
        </span>
        <div
          class="StatCircle__Wrapper-sc-1jkiqr4-0 dLMOGu PokemonStatsInfo__StatValue-sc-16epyc7-3 bUZoGr"
        >
          <div
            aria-valuenow="0"
            class="MuiCircularProgress-root MuiCircularProgress-colorPrimary MuiCircularProgress-determinate"
            role="progressbar"
            style="width: 50px; height: 50px; transform: rotate(-90deg); color: rgb(240, 128, 48);"
          >
            <svg
              class="MuiCircularProgress-svg"
              viewBox="22 22 44 44"
            >
              <circle
                class="MuiCircularProgress-circle MuiCircularProgress-circleDeterminate"
                cx="44"
                cy="44"
                fill="none"
                r="20.2"
                stroke-width="3.6"
                style="stroke-dasharray: 126.920; stroke-dashoffset: 126.920px;"
              />
            </svg>
          </div>
          <div
            class="StatCircle__StatValueNumberWrapper-sc-1jkiqr4-1 fmUBLe"
          >
            <div
              class="StatCircle__StatValueNumber-sc-1jkiqr4-2"
            >
              0
            </div>
          </div>
        </div>
        <span
          class="PokemonStatsInfo__EffortProperty-sc-16epyc7-4 iYkOYG"
        >
          Effort
        </span>
        <div
          class="PokemonStatsInfo__EffortValue-sc-16epyc7-5 gfPJIT"
        >
          0
        </div>
      </div>
    </div>
    <div>
      <div
        class="PokemonStatsInfo__StatsWrapper-sc-16epyc7-1 ePiRYv"
      >
        <span
          class="PokemonStatsInfo__StatProperty-sc-16epyc7-2 jpsEst"
        >
          Defense
        </span>
        <div
          class="StatCircle__Wrapper-sc-1jkiqr4-0 dLMOGu PokemonStatsInfo__StatValue-sc-16epyc7-3 bUZoGr"
        >
          <div
            aria-valuenow="0"
            class="MuiCircularProgress-root MuiCircularProgress-colorPrimary MuiCircularProgress-determinate"
            role="progressbar"
            style="width: 50px; height: 50px; transform: rotate(-90deg); color: rgb(248, 208, 48);"
          >
            <svg
              class="MuiCircularProgress-svg"
              viewBox="22 22 44 44"
            >
              <circle
                class="MuiCircularProgress-circle MuiCircularProgress-circleDeterminate"
                cx="44"
                cy="44"
                fill="none"
                r="20.2"
                stroke-width="3.6"
                style="stroke-dasharray: 126.920; stroke-dashoffset: 126.920px;"
              />
            </svg>
          </div>
          <div
            class="StatCircle__StatValueNumberWrapper-sc-1jkiqr4-1 fmUBLe"
          >
            <div
              class="StatCircle__StatValueNumber-sc-1jkiqr4-2"
            >
              0
            </div>
          </div>
        </div>
        <span
          class="PokemonStatsInfo__EffortProperty-sc-16epyc7-4 iYkOYG"
        >
          Effort
        </span>
        <div
          class="PokemonStatsInfo__EffortValue-sc-16epyc7-5 gfPJIT"
        >
          1
        </div>
      </div>
    </div>
    <div>
      <div
        class="PokemonStatsInfo__StatsWrapper-sc-16epyc7-1 ePiRYv"
      >
        <span
          class="PokemonStatsInfo__StatProperty-sc-16epyc7-2 jpsEst"
        >
          Special-attack
        </span>
        <div
          class="StatCircle__Wrapper-sc-1jkiqr4-0 dLMOGu PokemonStatsInfo__StatValue-sc-16epyc7-3 bUZoGr"
        >
          <div
            aria-valuenow="0"
            class="MuiCircularProgress-root MuiCircularProgress-colorPrimary MuiCircularProgress-determinate"
            role="progressbar"
            style="width: 50px; height: 50px; transform: rotate(-90deg); color: rgb(104, 144, 240);"
          >
            <svg
              class="MuiCircularProgress-svg"
              viewBox="22 22 44 44"
            >
              <circle
                class="MuiCircularProgress-circle MuiCircularProgress-circleDeterminate"
                cx="44"
                cy="44"
                fill="none"
                r="20.2"
                stroke-width="3.6"
                style="stroke-dasharray: 126.920; stroke-dashoffset: 126.920px;"
              />
            </svg>
          </div>
          <div
            class="StatCircle__StatValueNumberWrapper-sc-1jkiqr4-1 fmUBLe"
          >
            <div
              class="StatCircle__StatValueNumber-sc-1jkiqr4-2"
            >
              0
            </div>
          </div>
        </div>
        <span
          class="PokemonStatsInfo__EffortProperty-sc-16epyc7-4 iYkOYG"
        >
          Effort
        </span>
        <div
          class="PokemonStatsInfo__EffortValue-sc-16epyc7-5 gfPJIT"
        >
          0
        </div>
      </div>
    </div>
    <div>
      <div
        class="PokemonStatsInfo__StatsWrapper-sc-16epyc7-1 ePiRYv"
      >
        <span
          class="PokemonStatsInfo__StatProperty-sc-16epyc7-2 jpsEst"
        >
          Special-defense
        </span>
        <div
          class="StatCircle__Wrapper-sc-1jkiqr4-0 dLMOGu PokemonStatsInfo__StatValue-sc-16epyc7-3 bUZoGr"
        >
          <div
            aria-valuenow="0"
            class="MuiCircularProgress-root MuiCircularProgress-colorPrimary MuiCircularProgress-determinate"
            role="progressbar"
            style="width: 50px; height: 50px; transform: rotate(-90deg); color: rgb(84, 166, 102);"
          >
            <svg
              class="MuiCircularProgress-svg"
              viewBox="22 22 44 44"
            >
              <circle
                class="MuiCircularProgress-circle MuiCircularProgress-circleDeterminate"
                cx="44"
                cy="44"
                fill="none"
                r="20.2"
                stroke-width="3.6"
                style="stroke-dasharray: 126.920; stroke-dashoffset: 126.920px;"
              />
            </svg>
          </div>
          <div
            class="StatCircle__StatValueNumberWrapper-sc-1jkiqr4-1 fmUBLe"
          >
            <div
              class="StatCircle__StatValueNumber-sc-1jkiqr4-2"
            >
              0
            </div>
          </div>
        </div>
        <span
          class="PokemonStatsInfo__EffortProperty-sc-16epyc7-4 iYkOYG"
        >
          Effort
        </span>
        <div
          class="PokemonStatsInfo__EffortValue-sc-16epyc7-5 gfPJIT"
        >
          0
        </div>
      </div>
    </div>
    <div>
      <div
        class="PokemonStatsInfo__StatsWrapper-sc-16epyc7-1 ePiRYv"
      >
        <span
          class="PokemonStatsInfo__StatProperty-sc-16epyc7-2 jpsEst"
        >
          Speed
        </span>
        <div
          class="StatCircle__Wrapper-sc-1jkiqr4-0 dLMOGu PokemonStatsInfo__StatValue-sc-16epyc7-3 bUZoGr"
        >
          <div
            aria-valuenow="0"
            class="MuiCircularProgress-root MuiCircularProgress-colorPrimary MuiCircularProgress-determinate"
            role="progressbar"
            style="width: 50px; height: 50px; transform: rotate(-90deg); color: rgb(252, 104, 152);"
          >
            <svg
              class="MuiCircularProgress-svg"
              viewBox="22 22 44 44"
            >
              <circle
                class="MuiCircularProgress-circle MuiCircularProgress-circleDeterminate"
                cx="44"
                cy="44"
                fill="none"
                r="20.2"
                stroke-width="3.6"
                style="stroke-dasharray: 126.920; stroke-dashoffset: 126.920px;"
              />
            </svg>
          </div>
          <div
            class="StatCircle__StatValueNumberWrapper-sc-1jkiqr4-1 fmUBLe"
          >
            <div
              class="StatCircle__StatValueNumber-sc-1jkiqr4-2"
            >
              0
            </div>
          </div>
        </div>
        <span
          class="PokemonStatsInfo__EffortProperty-sc-16epyc7-4 iYkOYG"
        >
          Effort
        </span>
        <div
          class="PokemonStatsInfo__EffortValue-sc-16epyc7-5 gfPJIT"
        >
          0
        </div>
      </div>
    </div>
  </div>
</div>
`;
